
> seo-dashboard@0.1.0 build
> next build .

Ôû▓ Next.js 16.1.6 (Turbopack)
- Environments: .env.local

  Creating an optimized production build ...
Ô£ô Compiled successfully in 1397.0ms
  Running TypeScript ...
node.exe : Failed to compile.
At line:1 char:1
+ & "C:\Program Files\nodejs/node.exe" "C:\Program Files\nodejs/
node_mo ...
+ ~~~~~~~~~~~~~~~~~~~~~~~~~~~~~~~~~~~~~~~~~~~~~~~~~~~~~~~~~~~~~~
~~~~~~~
    + CategoryInfo          : NotSpecified: (Failed to compile. 
   :String) [], RemoteException
    + FullyQualifiedErrorId : NativeCommandError
 

./brikx-dashboard/app/api/nieuws/route.ts:3:34
Type error: Cannot find module '@/lib/supabase-server' or its co
rresponding type declarations.

[0m [90m 1 |[39m [36mimport[39m type { [33mNextRequest[39
m } [36mfrom[39m [32m"next/server"[39m[33m;[39m
 [90m 2 |[39m [36mimport[39m { [33mNextResponse[39m } [36
mfrom[39m [32m"next/server"[39m[33m;[39m
[31m[1m>[22m[39m[90m 3 |[39m [36mimport[39m { getService
Client } [36mfrom[39m [32m"@/lib/supabase-server"[39m[33m;
[39m
 [90m   |[39m                                  [31m[1m^[22m
[39m
 [90m 4 |[39m
 [90m 5 |[39m [36mexport[39m [36masync[39m [36mfunction[
39m [33mGET[39m(request[33m:[39m [33mNextRequest[39m) {
 [90m 6 |[39m   [36mconst[39m url [33m=[39m [36mnew[39m 
[33mURL[39m(request[33m.[39murl)[33m;[39m[0m
Next.js build worker exited with code: 1 and signal: null
